[backblue.gif]
[fade.gif]
[index.html]
[goblinslayer.jp/xmlrpc0db0.php]
[goblinslayer.jp/wp-json/index.html]
[goblinslayer.jp/wp-includes/wlwmanifest.xml]
[goblinslayer.jp/wp-content/themes/goblinslayer/images/logo-crown.png]
[goblinslayer.jp/wp-content/themes/goblinslayer/images/menu_news_off.png]
[goblinslayer.jp/wp-content/themes/goblinslayer/images/menu_onair_off.png]
[goblinslayer.jp/wp-content/themes/goblinslayer/images/menu_caststaff_off.png]
[goblinslayer.jp/wp-content/themes/goblinslayer/images/menu_story_off.png]
[goblinslayer.jp/wp-content/themes/goblinslayer/images/menu_character_off.png]
[goblinslayer.jp/wp-content/themes/goblinslayer/images/menu_movie_off.png]
[goblinslayer.jp/wp-content/themes/goblinslayer/images/menu_book_off.png]
[goblinslayer.jp/wp-content/themes/goblinslayer/images/menu_goods_off.png]
[goblinslayer.jp/wp-content/themes/goblinslayer/images/menu_music_off.png]
[goblinslayer.jp/wp-content/themes/goblinslayer/images/menu_special_off.png]
[goblinslayer.jp/wp-content/themes/goblinslayer/images/subttl-side-news.png]
[goblinslayer.jp/wp-content/themes/goblinslayer/images/subttl-side-twitter.png]
[goblinslayer.jp/wp-content/themes/goblinslayer/images/sp/main-visual-sp02.jpg]
[goblinslayer.jp/wp-content/themes/goblinslayer/images/pv.png]
[platform.twitter.com/widgets.js]
[goblinslayer.jp/wp-content/themes/goblinslayer/images/foot-ga.png]
[goblinslayer.jp/wp-content/themes/goblinslayer/common/js/jquery-1.11.3.min.js]
[goblinslayer.jp/wp-content/themes/goblinslayer/common/js/slick.min.js]
[goblinslayer.jp/wp-content/themes/goblinslayer/common/js/modaal.js]
[goblinslayer.jp/wp-content/themes/goblinslayer/common/js/scripts.js]
[goblinslayer.jp/wp-content/themes/goblinslayer/common/js/jquery.bxslider.min.js]
[goblinslayer.jp/wp-includes/js/wp-embed.min8e83.js]
[goblinslayer.jp/index.html]
[goblinslayer.jp/wp-content/themes/goblinslayer/common/css/reboot.css]
[goblinslayer.jp/wp-content/themes/goblinslayer/images/bg.jpg]
[goblinslayer.jp/wp-content/themes/goblinslayer/images/contbg.png]
[goblinslayer.jp/wp-content/themes/goblinslayer/images/menu-bg.png]
[goblinslayer.jp/wp-content/themes/goblinslayer/images/bg-side-news.png]
[goblinslayer.jp/wp-content/themes/goblinslayer/images/bg-side-twitter.png]
[goblinslayer.jp/wp-content/themes/goblinslayer/images/main-visual.png]
[goblinslayer.jp/wp-content/themes/goblinslayer/images/main-visual02.png]
[goblinslayer.jp/wp-content/themes/goblinslayer/images/low-bg.png]
[goblinslayer.jp/wp-content/themes/goblinslayer/images/low-bg-no-char.png]
[goblinslayer.jp/wp-content/themes/goblinslayer/images/low-bg-no-char-yellow.png]
[goblinslayer.jp/wp-content/themes/goblinslayer/images/low-bg-shadow.png]
[goblinslayer.jp/wp-content/themes/goblinslayer/images/low-bg-no-char-shadow.png]
[goblinslayer.jp/wp-content/themes/goblinslayer/images/low-bg-char-goblin.png]
[goblinslayer.jp/wp-content/themes/goblinslayer/images/low-bg-char-shinkan.png]
[goblinslayer.jp/wp-content/themes/goblinslayer/images/low-bg-char-elf.png]
[goblinslayer.jp/wp-content/themes/goblinslayer/images/low-bg-char-dwarf.png]
[goblinslayer.jp/wp-content/themes/goblinslayer/images/low-bg-char-lizard.png]
[goblinslayer.jp/wp-content/themes/goblinslayer/images/low-bg-char-uketsuke.png]
[goblinslayer.jp/wp-content/themes/goblinslayer/images/low-bg-char-ushi.png]
[goblinslayer.jp/wp-content/themes/goblinslayer/images/low-bg-char-sword.png]
[goblinslayer.jp/wp-content/themes/goblinslayer/images/story-line.png]
[goblinslayer.jp/wp-content/themes/goblinslayer/images/special-icon-bg.png]
[goblinslayer.jp/wp-content/themes/goblinslayer/images/navbg.png]
[goblinslayer.jp/wp-content/themes/goblinslayer/images/goodsline.png]
[goblinslayer.jp/wp-content/themes/goblinslayer/images/dot.png]
[goblinslayer.jp/wp-content/themes/goblinslayer/images/goods/goods-ttlbar.png]
[goblinslayer.jp/wp-content/themes/goblinslayer/images/book-subttl01.png]
[goblinslayer.jp/wp-content/themes/goblinslayer/images/book-subttl02.png]
[goblinslayer.jp/wp-content/themes/goblinslayer/images/music-subttl01.png]
[goblinslayer.jp/wp-content/themes/goblinslayer/images/music-subttl02.png]
[goblinslayer.jp/wp-content/themes/goblinslayer/common/css/layout_20181010.css]
[goblinslayer.jp/wp-content/themes/goblinslayer/images/sp/bgsp.jpg]
[goblinslayer.jp/wp-content/themes/goblinslayer/images/sp/bglow.jpg]
[goblinslayer.jp/wp-content/themes/goblinslayer/common/css/sp.css]
[goblinslayer.jp/wp-content/themes/goblinslayer/common/css/images/bx_loader.gif]
[goblinslayer.jp/wp-content/themes/goblinslayer/common/css/images/controls.png]
[goblinslayer.jp/wp-content/themes/goblinslayer/common/css/jquery.bxslider.css]
[goblinslayer.jp/wp-content/themes/goblinslayer/common/css/modaal.css]
[goblinslayer.jp/wp-content/themes/goblinslayer/images/logo.png]
[goblinslayer.jp/wp-content/themes/goblinslayer/images/low-n.png]
[goblinslayer.jp/feed/index.html]
[goblinslayer.jp/wp-content/themes/goblinslayer/images/ttl-news.png]
[goblinslayer.jp/news/index.html]
[goblinslayer.jp/wp-json/oembed/1.0/embedcb03.json]
[goblinslayer.jp/wp-json/oembed/1.0/embed8b91]
[goblinslayer.jp/wp-content/themes/goblinslayer/images/low-o.png]
[goblinslayer.jp/wp-content/themes/goblinslayer/images/ttl-onair.png]
[goblinslayer.jp/wp-content/themes/goblinslayer/images/subttl-housou.png]
[goblinslayer.jp/wp-content/themes/goblinslayer/images/subttl-haishin.png]
[goblinslayer.jp/wp-content/themes/goblinslayer/images/subttl-overseas.png]
[goblinslayer.jp/onair/index.html]
[goblinslayer.jp/wp-json/oembed/1.0/embedf858.json]
[goblinslayer.jp/wp-json/oembed/1.0/embed076f]
[goblinslayer.jp/wp-content/themes/goblinslayer/images/low-c.png]
[goblinslayer.jp/wp-content/themes/goblinslayer/images/ttl-caststaff.png]
[goblinslayer.jp/wp-content/themes/goblinslayer/images/subttl-staff.png]
[goblinslayer.jp/wp-content/themes/goblinslayer/images/subttl-cast.png]
[goblinslayer.jp/caststaff/index.html]
[goblinslayer.jp/wp-json/oembed/1.0/embedd58d.json]
[goblinslayer.jp/wp-json/oembed/1.0/embed60a4]
[goblinslayer.jp/wp-content/themes/goblinslayer/images/low-s.png]
[goblinslayer.jp/wp-content/themes/goblinslayer/images/ttl-story.png]
[goblinslayer.jp/wp-content/themes/goblinslayer/images/subttl-story.png]
[goblinslayer.jp/wp-content/themes/goblinslayer/images/story-list12.png]
[goblinslayer.jp/wp-content/themes/goblinslayer/images/story-list11.png]
[goblinslayer.jp/wp-content/themes/goblinslayer/images/story-list_special.png]
[goblinslayer.jp/wp-content/themes/goblinslayer/images/story-list10.png]
[goblinslayer.jp/wp-content/themes/goblinslayer/images/story-list09.png]
[goblinslayer.jp/wp-content/themes/goblinslayer/images/story-list08.png]
[goblinslayer.jp/wp-content/themes/goblinslayer/images/story-list07.png]
[goblinslayer.jp/wp-content/themes/goblinslayer/images/story-list06.png]
[goblinslayer.jp/wp-content/themes/goblinslayer/images/story-list05.png]
[goblinslayer.jp/wp-content/themes/goblinslayer/images/story-list04.png]
[goblinslayer.jp/wp-content/themes/goblinslayer/images/story-list03.png]
[goblinslayer.jp/wp-content/themes/goblinslayer/images/story-list02.png]
[goblinslayer.jp/wp-content/themes/goblinslayer/images/story-list01.png]
[goblinslayer.jp/story/index.html]
[goblinslayer.jp/wp-json/oembed/1.0/embed9df3.json]
[goblinslayer.jp/wp-json/oembed/1.0/embedfd7f]
[goblinslayer.jp/wp-content/themes/goblinslayer/images/ttl-character.png]
[goblinslayer.jp/wp-content/themes/goblinslayer/images/char-list-goblin.png]
[goblinslayer.jp/wp-content/themes/goblinslayer/images/char-list-shinkan.png]
[goblinslayer.jp/wp-content/themes/goblinslayer/images/char-list-elf.png]
[goblinslayer.jp/wp-content/themes/goblinslayer/images/char-list-dwarf.png]
[goblinslayer.jp/wp-content/themes/goblinslayer/images/char-list-lizard.png]
[goblinslayer.jp/wp-content/themes/goblinslayer/images/char-list-uketsuke.png]
[goblinslayer.jp/wp-content/themes/goblinslayer/images/char-list-ushi.png]
[goblinslayer.jp/wp-content/themes/goblinslayer/images/char-list-sword.png]
[goblinslayer.jp/character/index.html]
[goblinslayer.jp/wp-json/oembed/1.0/embedeedf.json]
[goblinslayer.jp/wp-json/oembed/1.0/embed10ed]
[goblinslayer.jp/wp-content/themes/goblinslayer/images/low-m.png]
[goblinslayer.jp/wp-content/themes/goblinslayer/images/ttl-movie.png]
[goblinslayer.jp/movie/index.html]
[goblinslayer.jp/wp-json/oembed/1.0/embeda015.json]
[goblinslayer.jp/wp-json/oembed/1.0/embed3cc2]
[goblinslayer.jp/wp-content/themes/goblinslayer/images/low-b.png]
[goblinslayer.jp/wp-content/themes/goblinslayer/images/ttl-book.png]
[goblinslayer.jp/wp-content/themes/goblinslayer/images/book01.png]
[goblinslayer.jp/wp-content/themes/goblinslayer/images/book-ttl01.png]
[goblinslayer.jp/wp-content/themes/goblinslayer/images/book-btn01.png]
[goblinslayer.jp/wp-content/themes/goblinslayer/images/book02.png]
[goblinslayer.jp/wp-content/themes/goblinslayer/images/book-ttl02.png]
[goblinslayer.jp/wp-content/themes/goblinslayer/images/book03.png]
[goblinslayer.jp/wp-content/themes/goblinslayer/images/book-ttl03.png]
[goblinslayer.jp/wp-content/themes/goblinslayer/images/book-btn02.png]
[goblinslayer.jp/wp-content/themes/goblinslayer/images/book04.png]
[goblinslayer.jp/wp-content/themes/goblinslayer/images/book-ttl04.png]
[goblinslayer.jp/wp-content/themes/goblinslayer/images/book05.png]
[goblinslayer.jp/wp-content/themes/goblinslayer/images/book-ttl05.png]
[goblinslayer.jp/book/index.html]
[goblinslayer.jp/wp-json/oembed/1.0/embed0c3e.json]
[goblinslayer.jp/wp-json/oembed/1.0/embeddbad]
[goblinslayer.jp/wp-content/themes/goblinslayer/images/ttl-goods.png]
[goblinslayer.jp/wp-content/themes/goblinslayer/images/bluray-nav01_on.png]
[goblinslayer.jp/wp-content/themes/goblinslayer/images/bluray-nav02_off.png]
[goblinslayer.jp/wp-content/themes/goblinslayer/images/bluray-nav03_off.png]
[goblinslayer.jp/wp-content/themes/goblinslayer/images/bluray-nav04_off.png]
[goblinslayer.jp/wp-content/themes/goblinslayer/images/bluray-txt01.png]
[goblinslayer.jp/wp-content/themes/goblinslayer/images/subttl-shokai.png]
[goblinslayer.jp/wp-content/themes/goblinslayer/images/btn-goods-event.png]
[goblinslayer.jp/wp-content/themes/goblinslayer/images/btn-goods-oubo.png]
[goblinslayer.jp/wp-content/themes/goblinslayer/images/goods/goblinvol01.jpg]
[goblinslayer.jp/wp-content/themes/goblinslayer/images/goods/goblinvol01_ex.png]
[goblinslayer.jp/wp-content/themes/goblinslayer/images/subttl-eizou.png]
[goblinslayer.jp/wp-content/themes/goblinslayer/images/subttl-audio.png]
[goblinslayer.jp/wp-content/themes/goblinslayer/images/subttl-bddvd.png]
[goblinslayer.jp/wp-content/themes/goblinslayer/images/bluray-txt02.png]
[goblinslayer.jp/wp-content/themes/goblinslayer/images/goods-clearposter.jpg]
[goblinslayer.jp/goods01/index.html]
[goblinslayer.jp/wp-json/oembed/1.0/embedab8e.json]
[goblinslayer.jp/wp-json/oembed/1.0/embed6e07]
[goblinslayer.jp/wp-content/themes/goblinslayer/images/ttl-music.png]
[goblinslayer.jp/wp-content/themes/goblinslayer/images/music-mili01.jpg]
[goblinslayer.jp/wp-content/themes/goblinslayer/images/music-mili02.jpg]
[goblinslayer.jp/wp-content/themes/goblinslayer/images/music-btn.png]
[goblinslayer.jp/wp-content/themes/goblinslayer/images/music-nowprinting.png]
[goblinslayer.jp/music/index.html]
[goblinslayer.jp/wp-json/oembed/1.0/embed9929.json]
[goblinslayer.jp/wp-json/oembed/1.0/embed9801]
[goblinslayer.jp/wp-content/themes/goblinslayer/images/ttl-special.png]
[goblinslayer.jp/wp-content/themes/goblinslayer/images/special-bnr01.png]
[goblinslayer.jp/wp-content/themes/goblinslayer/images/special-bnr02.png]
[goblinslayer.jp/special/top/index.html]
[goblinslayer.jp/wp-json/oembed/1.0/embed26e9.json]
[goblinslayer.jp/wp-json/oembed/1.0/embedcd79]
[goblinslayer.jp/wp-content/uploads/2019/05/spev_goods1.jpg]
[goblinslayer.jp/wp-content/uploads/2019/05/spev_goods2.jpg]
[goblinslayer.jp/wp-content/uploads/2019/05/spev_goods3.jpg]
[goblinslayer.jp/wp-content/uploads/2019/05/spev_goods4.jpg]
[goblinslayer.jp/wp-content/uploads/2019/05/spev_goods5.jpg]
[goblinslayer.jp/wp-content/uploads/2019/05/spev_goods6.jpg]
[goblinslayer.jp/wp-content/uploads/2019/05/spev_goods7.jpg]
[goblinslayer.jp/wp-content/uploads/2019/05/spev_goods8.jpg]
[goblinslayer.jp/wp-content/uploads/2019/05/spev_goods9.jpg]
[goblinslayer.jp/wp-content/uploads/2019/05/spev_goods11.jpg]
[goblinslayer.jp/wp-content/uploads/2019/05/spev_goods12.jpg]
[goblinslayer.jp/wp-content/uploads/2019/05/spev_goods13.jpg]
[goblinslayer.jp/wp-content/uploads/2019/05/spev_goods14.jpg]
[goblinslayer.jp/wp-content/uploads/2019/05/spev_goods15.jpg]
[goblinslayer.jp/wp-content/uploads/2019/05/spev_goods16.jpg]
[goblinslayer.jp/wp-content/uploads/2019/05/spev_goods17.jpg]
[goblinslayer.jp/wp-content/uploads/2019/05/spev_goods18.jpg]
[goblinslayer.jp/wp-content/uploads/2019/05/spev_goods19.jpg]
[goblinslayer.jp/wp-content/uploads/2019/05/spev_goods20.jpg]
[goblinslayer.jp/news/592/index.html]
[goblinslayer.jp/wp-json/oembed/1.0/embed5740.json]
[goblinslayer.jp/wp-json/oembed/1.0/embedeeb7]
[goblinslayer.jp/news/563/index.html]
[goblinslayer.jp/wp-json/oembed/1.0/embed59a2.json]
[goblinslayer.jp/wp-json/oembed/1.0/embedaeb9]
[goblinslayer.jp/wp-content/uploads/2019/05/gbslGP2019_0508.png]
[goblinslayer.jp/news/549/index.html]
[goblinslayer.jp/wp-json/oembed/1.0/embed1c3e.json]
[goblinslayer.jp/wp-json/oembed/1.0/embedde52]
[goblinslayer.jp/wp-content/uploads/2019/03/gs_20190324.jpg]
[goblinslayer.jp/news/540/index.html]
[goblinslayer.jp/wp-json/oembed/1.0/embed32cc.json]
[goblinslayer.jp/wp-json/oembed/1.0/embedc1ed]
[goblinslayer.jp/news/536/index.html]
[goblinslayer.jp/wp-json/oembed/1.0/embede037.json]
[goblinslayer.jp/wp-json/oembed/1.0/embed7cc1]
[goblinslayer.jp/wp-content/uploads/2019/03/0319_News.png]
[goblinslayer.jp/news/533/index.html]
[goblinslayer.jp/wp-json/oembed/1.0/embeda623.json]
[goblinslayer.jp/wp-json/oembed/1.0/embed0123]
[goblinslayer.jp/news/526/index.html]
[goblinslayer.jp/wp-json/oembed/1.0/embed92f2.json]
[goblinslayer.jp/wp-json/oembed/1.0/embed8c64]
[goblinslayer.jp/news/512/index.html]
[goblinslayer.jp/wp-json/oembed/1.0/embed65ad.json]
[goblinslayer.jp/wp-json/oembed/1.0/embedaca9]
[goblinslayer.jp/news/502/index.html]
[goblinslayer.jp/wp-json/oembed/1.0/embed63a1.json]
[goblinslayer.jp/wp-json/oembed/1.0/embedafff]
[goblinslayer.jp/news/499/index.html]
[goblinslayer.jp/wp-json/oembed/1.0/embed1564.json]
[goblinslayer.jp/wp-json/oembed/1.0/embed0654]
[goblinslayer.jp/wp-content/uploads/2019/01/tapestry01.png]
[goblinslayer.jp/wp-content/uploads/2019/01/tapestry02.png]
[goblinslayer.jp/wp-content/uploads/2019/01/diorama.png]
[goblinslayer.jp/wp-content/uploads/2019/01/tshirt.png]
[goblinslayer.jp/wp-content/uploads/2019/01/parka.png]
[goblinslayer.jp/wp-content/uploads/2019/01/blanket.png]
[goblinslayer.jp/wp-content/uploads/2019/01/clock.png]
[goblinslayer.jp/wp-content/uploads/2019/01/badge.png]
[goblinslayer.jp/news/480/index.html]
[goblinslayer.jp/wp-json/oembed/1.0/embed3897.json]
[goblinslayer.jp/wp-json/oembed/1.0/embed80a4]
[goblinslayer.jp/wp-content/uploads/2018/12/1812-GA-banner-1.jpg]
[goblinslayer.jp/news/471/index.html]
[goblinslayer.jp/wp-json/oembed/1.0/embed34b9.json]
[goblinslayer.jp/wp-json/oembed/1.0/embed318a]
[goblinslayer.jp/news/405/index.html]
[goblinslayer.jp/wp-json/oembed/1.0/embed0cd7.json]
[goblinslayer.jp/wp-json/oembed/1.0/embed152d]
[goblinslayer.jp/news/444/index.html]
[goblinslayer.jp/wp-json/oembed/1.0/embede79a.json]
[goblinslayer.jp/wp-json/oembed/1.0/embed06e5]
[goblinslayer.jp/wp-content/uploads/2018/12/01.png]
[goblinslayer.jp/wp-content/uploads/2018/12/02.png]
[goblinslayer.jp/wp-content/uploads/2018/12/03.png]
[goblinslayer.jp/wp-content/uploads/2018/12/04.png]
[goblinslayer.jp/wp-content/uploads/2018/12/05.png]
[goblinslayer.jp/wp-content/uploads/2018/12/06.png]
[goblinslayer.jp/wp-content/uploads/2018/12/07.png]
[goblinslayer.jp/wp-content/uploads/2018/12/08.png]
[goblinslayer.jp/wp-content/uploads/2018/12/09.png]
[goblinslayer.jp/wp-content/uploads/2018/12/09_1.png]
[goblinslayer.jp/wp-content/uploads/2018/12/10.png]
[goblinslayer.jp/wp-content/uploads/2018/12/10_1.png]
[goblinslayer.jp/news/415/index.html]
[goblinslayer.jp/wp-json/oembed/1.0/embeddf5a.json]
[goblinslayer.jp/wp-json/oembed/1.0/embed6e2b]
[goblinslayer.jp/news/398/index.html]
[goblinslayer.jp/wp-json/oembed/1.0/embede96e.json]
[goblinslayer.jp/wp-json/oembed/1.0/embedfbd8]
[goblinslayer.jp/news/381/index.html]
[goblinslayer.jp/wp-json/oembed/1.0/embed6483.json]
[goblinslayer.jp/wp-json/oembed/1.0/embed975e]
[goblinslayer.jp/news/374/index.html]
[goblinslayer.jp/wp-json/oembed/1.0/embed1e96.json]
[goblinslayer.jp/wp-json/oembed/1.0/embed0e80]
[goblinslayer.jp/wp-content/uploads/2018/12/UNEXT_2.png]
[goblinslayer.jp/wp-content/uploads/2018/12/UNEXT_2_s.png]
[goblinslayer.jp/news/273/index.html]
[goblinslayer.jp/wp-json/oembed/1.0/embedaabb.json]
[goblinslayer.jp/wp-json/oembed/1.0/embed71af]
[goblinslayer.jp/news/367/index.html]
[goblinslayer.jp/wp-json/oembed/1.0/embeda230.json]
[goblinslayer.jp/wp-json/oembed/1.0/embed1837]
[goblinslayer.jp/news/363/index.html]
[goblinslayer.jp/wp-json/oembed/1.0/embed981b.json]
[goblinslayer.jp/wp-json/oembed/1.0/embed24fb]
[goblinslayer.jp/news/325/index.html]
[goblinslayer.jp/wp-json/oembed/1.0/embed5477.json]
[goblinslayer.jp/wp-json/oembed/1.0/embedaf9d]
[goblinslayer.jp/wp-content/uploads/2018/11/tora_special.jpg]
[goblinslayer.jp/wp-content/uploads/2018/11/tora_special_s.png]
[goblinslayer.jp/news/355/index.html]
[goblinslayer.jp/wp-json/oembed/1.0/embed912e.json]
[goblinslayer.jp/wp-json/oembed/1.0/embed5c4e]
[goblinslayer.jp/news/318/index.html]
[goblinslayer.jp/wp-json/oembed/1.0/embedecf2.json]
[goblinslayer.jp/wp-json/oembed/1.0/embed3907]
[goblinslayer.jp/wp-content/uploads/2018/11/20181117_event_add.jpg]
[goblinslayer.jp/wp-content/uploads/2018/11/20181117_event_add_s.jpg]
[goblinslayer.jp/news/291/index.html]
[goblinslayer.jp/wp-json/oembed/1.0/embedcf6e.json]
[goblinslayer.jp/wp-json/oembed/1.0/embed816c]
[goblinslayer.jp/wp-content/uploads/2018/11/20181116.jpg]
[goblinslayer.jp/wp-content/uploads/2018/11/20181116_s.jpg]
[goblinslayer.jp/news/279/index.html]
[goblinslayer.jp/wp-json/oembed/1.0/embed2d13.json]
[goblinslayer.jp/wp-json/oembed/1.0/embed56f6]
[goblinslayer.jp/wp-content/uploads/2018/11/UNEXT_1.png]
[goblinslayer.jp/wp-content/uploads/2018/11/UNEXT_1_s.png]
[goblinslayer.jp/news/267/index.html]
[goblinslayer.jp/wp-json/oembed/1.0/embed2692.json]
[goblinslayer.jp/wp-json/oembed/1.0/embed584e]
[goblinslayer.jp/news/250/index.html]
[goblinslayer.jp/wp-json/oembed/1.0/embedfee2.json]
[goblinslayer.jp/wp-json/oembed/1.0/embed4e65]
[goblinslayer.jp/wp-content/uploads/2018/11/animate02.jpg]
[goblinslayer.jp/wp-content/uploads/2018/11/animate02_s.png]
[goblinslayer.jp/news/238/index.html]
[goblinslayer.jp/wp-json/oembed/1.0/embed4ce4.json]
[goblinslayer.jp/wp-json/oembed/1.0/embeda7cf]
[goblinslayer.jp/wp-content/uploads/2018/11/20181101animate.png]
[goblinslayer.jp/news/231/index.html]
[goblinslayer.jp/wp-json/oembed/1.0/embed430f.json]
[goblinslayer.jp/wp-json/oembed/1.0/embed68ca]
[goblinslayer.jp/wp-content/uploads/2018/10/20181027SPevent.jpg]
[goblinslayer.jp/news/221/index.html]
[goblinslayer.jp/wp-json/oembed/1.0/embedd190.json]
[goblinslayer.jp/wp-json/oembed/1.0/embed5978]
[goblinslayer.jp/wp-content/uploads/2018/10/poster_SAMPLE.jpg]
[goblinslayer.jp/news/226/index.html]
[goblinslayer.jp/wp-json/oembed/1.0/embeda955.json]
[goblinslayer.jp/wp-json/oembed/1.0/embed3c75]
[goblinslayer.jp/wp-content/uploads/2018/10/ゴブリンスレイヤー_Twitterカード-1.png]
[goblinslayer.jp/news/214/index.html]
[goblinslayer.jp/wp-json/oembed/1.0/embed365b.json]
[goblinslayer.jp/wp-json/oembed/1.0/embedb138]
[goblinslayer.jp/wp-content/uploads/2018/10/20181023omen.jpg]
[goblinslayer.jp/news/198/index.html]
[goblinslayer.jp/wp-json/oembed/1.0/embede603.json]
[goblinslayer.jp/wp-json/oembed/1.0/embed6be0]
[goblinslayer.jp/news/182/index.html]
[goblinslayer.jp/wp-json/oembed/1.0/embedf74a.json]
[goblinslayer.jp/wp-json/oembed/1.0/embed1cd6]
[goblinslayer.jp/wp-content/uploads/2018/10/Libretto1.png]
[goblinslayer.jp/news/168/index.html]
[goblinslayer.jp/wp-json/oembed/1.0/embed9e2e.json]
[goblinslayer.jp/wp-json/oembed/1.0/embed095f]
[goblinslayer.jp/news/170/index.html]
[goblinslayer.jp/wp-json/oembed/1.0/embedc4be.json]
[goblinslayer.jp/wp-json/oembed/1.0/embedcd3b]
[goblinslayer.jp/news/154/index.html]
[goblinslayer.jp/wp-json/oembed/1.0/embed8cc9.json]
[goblinslayer.jp/wp-json/oembed/1.0/embed5227]
[goblinslayer.jp/news/125/index.html]
[goblinslayer.jp/wp-json/oembed/1.0/embed7af3.json]
[goblinslayer.jp/wp-json/oembed/1.0/embed706f]
[goblinslayer.jp/news/121/index.html]
[goblinslayer.jp/wp-json/oembed/1.0/embed254e.json]
[goblinslayer.jp/wp-json/oembed/1.0/embed66ce]
[goblinslayer.jp/news/116/index.html]
[goblinslayer.jp/wp-json/oembed/1.0/embeddfa8.json]
[goblinslayer.jp/wp-json/oembed/1.0/embed9c39]
[goblinslayer.jp/news/113/index.html]
[goblinslayer.jp/wp-json/oembed/1.0/embed9a97.json]
[goblinslayer.jp/wp-json/oembed/1.0/embedb636]
[goblinslayer.jp/news/111/index.html]
[goblinslayer.jp/wp-json/oembed/1.0/embed5b29.json]
[goblinslayer.jp/wp-json/oembed/1.0/embedc1a1]
[goblinslayer.jp/news/108/index.html]
[goblinslayer.jp/wp-json/oembed/1.0/embed65f4.json]
[goblinslayer.jp/wp-json/oembed/1.0/embedb07f]
[goblinslayer.jp/news/90/index.html]
[goblinslayer.jp/wp-json/oembed/1.0/embed9968.json]
[goblinslayer.jp/wp-json/oembed/1.0/embed60ea]
[goblinslayer.jp/news/88/index.html]
[goblinslayer.jp/wp-json/oembed/1.0/embed371f.json]
[goblinslayer.jp/wp-json/oembed/1.0/embed3295]
[goblinslayer.jp/news/86/index.html]
[goblinslayer.jp/wp-json/oembed/1.0/embed2269.json]
[goblinslayer.jp/wp-json/oembed/1.0/embedbcfc]
[goblinslayer.jp/news/83/index.html]
[goblinslayer.jp/wp-json/oembed/1.0/embed391f.json]
[goblinslayer.jp/wp-json/oembed/1.0/embedecf5]
[goblinslayer.jp/news/78/index.html]
[goblinslayer.jp/wp-json/oembed/1.0/embedfa5f.json]
[goblinslayer.jp/wp-json/oembed/1.0/embeddf70]
[goblinslayer.jp/news/75/index.html]
[goblinslayer.jp/wp-json/oembed/1.0/embed8576.json]
[goblinslayer.jp/wp-json/oembed/1.0/embed64fc]
[goblinslayer.jp/news/69/index.html]
[goblinslayer.jp/wp-json/oembed/1.0/embed3904.json]
[goblinslayer.jp/wp-json/oembed/1.0/embed7315]
[goblinslayer.jp/news/50/index.html]
[goblinslayer.jp/wp-json/oembed/1.0/embed0475.json]
[goblinslayer.jp/wp-json/oembed/1.0/embed2695]
[goblinslayer.jp/news/45/index.html]
[goblinslayer.jp/wp-json/oembed/1.0/embede76e.json]
[goblinslayer.jp/news/14/feed/index.html]
[goblinslayer.jp/wp-json/oembed/1.0/embedd42b]
[goblinslayer.jp/wp-content/uploads/2018/09/fan.png]
[goblinslayer.jp/news/14/index.html]
[goblinslayer.jp/index2cf9.html]
[goblinslayer.jp/index0735.html]
[goblinslayer.jp/index0345.html]
[goblinslayer.jp/wp-json/oembed/1.0/embedd9ce.json]
[goblinslayer.jp/wp-json/oembed/1.0/embedabb9]
[goblinslayer.jp/wp-content/themes/goblinslayer/images/episode/story-title12.png]
[goblinslayer.jp/wp-content/themes/goblinslayer/images/episode/episode12_01.jpg]
[goblinslayer.jp/wp-content/themes/goblinslayer/images/episode/episode12_02.jpg]
[goblinslayer.jp/wp-content/themes/goblinslayer/images/episode/episode12_03.jpg]
[goblinslayer.jp/wp-content/themes/goblinslayer/images/episode/episode12_04.jpg]
[goblinslayer.jp/wp-content/themes/goblinslayer/images/episode/episode12_05.jpg]
[goblinslayer.jp/wp-content/themes/goblinslayer/images/btn-story-back.png]
[goblinslayer.jp/story/episode12/index.html]
[goblinslayer.jp/wp-json/oembed/1.0/embed2fcd.json]
[goblinslayer.jp/wp-json/oembed/1.0/embed81b4]
[goblinslayer.jp/wp-content/themes/goblinslayer/images/episode/story-title11.png]
[goblinslayer.jp/wp-content/themes/goblinslayer/images/episode/episode11_01.jpg]
[goblinslayer.jp/wp-content/themes/goblinslayer/images/episode/episode11_02.jpg]
[goblinslayer.jp/wp-content/themes/goblinslayer/images/episode/episode11_03.jpg]
[goblinslayer.jp/wp-content/themes/goblinslayer/images/episode/episode11_04.jpg]
[goblinslayer.jp/wp-content/themes/goblinslayer/images/episode/episode11_05.jpg]
[goblinslayer.jp/story/episode11/index.html]
[goblinslayer.jp/wp-json/oembed/1.0/embed0a00.json]
[goblinslayer.jp/wp-json/oembed/1.0/embedc823]
[goblinslayer.jp/wp-content/themes/goblinslayer/images/episode/story-title_special.png]
[goblinslayer.jp/wp-content/themes/goblinslayer/images/episode/episode_special_01.jpg]
[goblinslayer.jp/wp-content/themes/goblinslayer/images/episode/episode_special_02.jpg]
[goblinslayer.jp/wp-content/themes/goblinslayer/images/episode/episode_special_03.jpg]
[goblinslayer.jp/wp-content/themes/goblinslayer/images/episode/episode_special_04.jpg]
[goblinslayer.jp/wp-content/themes/goblinslayer/images/episode/episode_special_05.jpg]
[goblinslayer.jp/story/episode_special/index.html]
[goblinslayer.jp/wp-json/oembed/1.0/embeda7e7.json]
[goblinslayer.jp/wp-json/oembed/1.0/embedc91d]
[goblinslayer.jp/wp-content/themes/goblinslayer/images/episode/story-title10.png]
[goblinslayer.jp/wp-content/themes/goblinslayer/images/episode/episode10_01.jpg]
[goblinslayer.jp/wp-content/themes/goblinslayer/images/episode/episode10_02.jpg]
[goblinslayer.jp/wp-content/themes/goblinslayer/images/episode/episode10_03.jpg]
[goblinslayer.jp/wp-content/themes/goblinslayer/images/episode/episode10_04.jpg]
[goblinslayer.jp/wp-content/themes/goblinslayer/images/episode/episode10_05.jpg]
[goblinslayer.jp/story/episode10/index.html]
[goblinslayer.jp/wp-json/oembed/1.0/embedb57f.json]
[goblinslayer.jp/wp-json/oembed/1.0/embed5508]
[goblinslayer.jp/wp-content/themes/goblinslayer/images/episode/story-title09.png]
[goblinslayer.jp/wp-content/themes/goblinslayer/images/episode/episode09_01.jpg]
[goblinslayer.jp/wp-content/themes/goblinslayer/images/episode/episode09_02.jpg]
[goblinslayer.jp/wp-content/themes/goblinslayer/images/episode/episode09_03.jpg]
[goblinslayer.jp/wp-content/themes/goblinslayer/images/episode/episode09_04.jpg]
[goblinslayer.jp/wp-content/themes/goblinslayer/images/episode/episode09_05.jpg]
[goblinslayer.jp/story/episode09/index.html]
[goblinslayer.jp/wp-json/oembed/1.0/embedcea5.json]
[goblinslayer.jp/wp-json/oembed/1.0/embed5833]
[goblinslayer.jp/wp-content/themes/goblinslayer/images/episode/story-title08.png]
[goblinslayer.jp/wp-content/themes/goblinslayer/images/episode/episode08_01.jpg]
[goblinslayer.jp/wp-content/themes/goblinslayer/images/episode/episode08_02.jpg]
[goblinslayer.jp/wp-content/themes/goblinslayer/images/episode/episode08_03.jpg]
[goblinslayer.jp/wp-content/themes/goblinslayer/images/episode/episode08_04.jpg]
[goblinslayer.jp/wp-content/themes/goblinslayer/images/episode/episode08_05.jpg]
[goblinslayer.jp/story/episode08/index.html]
[goblinslayer.jp/wp-json/oembed/1.0/embed4598.json]
[goblinslayer.jp/wp-json/oembed/1.0/embede1d9]
[goblinslayer.jp/wp-content/themes/goblinslayer/images/episode/story-title07.png]
[goblinslayer.jp/wp-content/themes/goblinslayer/images/episode/episode07_01.jpg]
[goblinslayer.jp/wp-content/themes/goblinslayer/images/episode/episode07_02.jpg]
[goblinslayer.jp/wp-content/themes/goblinslayer/images/episode/episode07_03.jpg]
[goblinslayer.jp/wp-content/themes/goblinslayer/images/episode/episode07_04.jpg]
[goblinslayer.jp/wp-content/themes/goblinslayer/images/episode/episode07_05.jpg]
[goblinslayer.jp/story/episode07/index.html]
[goblinslayer.jp/wp-json/oembed/1.0/embed0d12.json]
[goblinslayer.jp/wp-json/oembed/1.0/embed512c]
[goblinslayer.jp/wp-content/themes/goblinslayer/images/episode/story-title06.png]
[goblinslayer.jp/wp-content/themes/goblinslayer/images/episode/episode06_01.jpg]
[goblinslayer.jp/wp-content/themes/goblinslayer/images/episode/episode06_02.jpg]
[goblinslayer.jp/wp-content/themes/goblinslayer/images/episode/episode06_03.jpg]
[goblinslayer.jp/wp-content/themes/goblinslayer/images/episode/episode06_04.jpg]
[goblinslayer.jp/wp-content/themes/goblinslayer/images/episode/episode06_05.jpg]
[goblinslayer.jp/story/episode06/index.html]
[goblinslayer.jp/wp-json/oembed/1.0/embedd616.json]
[goblinslayer.jp/wp-json/oembed/1.0/embed0fd3]
[goblinslayer.jp/wp-content/themes/goblinslayer/images/episode/story-title05.png]
[goblinslayer.jp/wp-content/themes/goblinslayer/images/episode/episode05_01.jpg]
[goblinslayer.jp/wp-content/themes/goblinslayer/images/episode/episode05_02.jpg]
[goblinslayer.jp/wp-content/themes/goblinslayer/images/episode/episode05_03.jpg]
[goblinslayer.jp/wp-content/themes/goblinslayer/images/episode/episode05_04.jpg]
[goblinslayer.jp/wp-content/themes/goblinslayer/images/episode/episode05_05.jpg]
[goblinslayer.jp/story/episode05/index.html]
[goblinslayer.jp/wp-json/oembed/1.0/embed377e.json]
[goblinslayer.jp/wp-json/oembed/1.0/embed5bfa]
[goblinslayer.jp/wp-content/themes/goblinslayer/images/episode/story-title04.png]
[goblinslayer.jp/wp-content/themes/goblinslayer/images/episode/episode04_01.jpg]
[goblinslayer.jp/wp-content/themes/goblinslayer/images/episode/episode04_02.jpg]
[goblinslayer.jp/wp-content/themes/goblinslayer/images/episode/episode04_03.jpg]
[goblinslayer.jp/wp-content/themes/goblinslayer/images/episode/episode04_04.jpg]
[goblinslayer.jp/wp-content/themes/goblinslayer/images/episode/episode04_05.jpg]
[goblinslayer.jp/story/episode04/index.html]
[goblinslayer.jp/wp-json/oembed/1.0/embed40d5.json]
[goblinslayer.jp/wp-json/oembed/1.0/embeda85f]
[goblinslayer.jp/wp-content/themes/goblinslayer/images/episode/story-title03.png]
[goblinslayer.jp/wp-content/themes/goblinslayer/images/episode/episode03_01.jpg]
[goblinslayer.jp/wp-content/themes/goblinslayer/images/episode/episode03_02.jpg]
[goblinslayer.jp/wp-content/themes/goblinslayer/images/episode/episode03_03.jpg]
[goblinslayer.jp/wp-content/themes/goblinslayer/images/episode/episode03_04.jpg]
[goblinslayer.jp/wp-content/themes/goblinslayer/images/episode/episode03_05.jpg]
[goblinslayer.jp/story/episode03/index.html]
[goblinslayer.jp/wp-json/oembed/1.0/embed5145.json]
[goblinslayer.jp/wp-json/oembed/1.0/embedc11b]
[goblinslayer.jp/wp-content/themes/goblinslayer/images/story-title02.png]
[goblinslayer.jp/wp-content/themes/goblinslayer/images/episode/episode02_01.jpg]
[goblinslayer.jp/wp-content/themes/goblinslayer/images/episode/episode02_02.jpg]
[goblinslayer.jp/wp-content/themes/goblinslayer/images/episode/episode02_03.jpg]
[goblinslayer.jp/wp-content/themes/goblinslayer/images/episode/episode02_04.jpg]
[goblinslayer.jp/wp-content/themes/goblinslayer/images/episode/episode02_05.jpg]
[goblinslayer.jp/story/episode02/index.html]
[goblinslayer.jp/wp-json/oembed/1.0/embed4512.json]
[goblinslayer.jp/wp-json/oembed/1.0/embed02cf]
[goblinslayer.jp/wp-content/themes/goblinslayer/images/story-title01.png]
[goblinslayer.jp/wp-content/themes/goblinslayer/images/episode/episode01_01.jpg]
[goblinslayer.jp/wp-content/themes/goblinslayer/images/episode/episode01_02.jpg]
[goblinslayer.jp/wp-content/themes/goblinslayer/images/episode/episode01_03.jpg]
[goblinslayer.jp/wp-content/themes/goblinslayer/images/episode/episode01_04.jpg]
[goblinslayer.jp/wp-content/themes/goblinslayer/images/episode/episode01_05.jpg]
[goblinslayer.jp/story/episode01/index.html]
[goblinslayer.jp/index341b.html]
[goblinslayer.jp/wp-json/oembed/1.0/embed6c45.json]
[goblinslayer.jp/wp-json/oembed/1.0/embedbb5e]
[goblinslayer.jp/wp-content/themes/goblinslayer/images/char-txt-goblin.png]
[goblinslayer.jp/wp-content/themes/goblinslayer/images/char-goblin.png]
[goblinslayer.jp/wp-content/themes/goblinslayer/images/char-prev-arr.png]
[goblinslayer.jp/wp-content/themes/goblinslayer/images/char-next-arr.png]
[goblinslayer.jp/character/goblinslayer/index.html]
[goblinslayer.jp/wp-json/oembed/1.0/embedfd48.json]
[goblinslayer.jp/wp-json/oembed/1.0/embed48f6]
[goblinslayer.jp/wp-content/themes/goblinslayer/images/char-txt-shinkan.png]
[goblinslayer.jp/wp-content/themes/goblinslayer/images/char-shinkan.png]
[goblinslayer.jp/wp-content/themes/goblinslayer/images/sp/char-shinkan.png]
[goblinslayer.jp/character/priestess/index.html]
[goblinslayer.jp/wp-json/oembed/1.0/embed6d94.json]
[goblinslayer.jp/wp-json/oembed/1.0/embed5ef4]
[goblinslayer.jp/wp-content/themes/goblinslayer/images/char-txt-elf.png]
[goblinslayer.jp/wp-content/themes/goblinslayer/images/char-elf.png]
[goblinslayer.jp/character/elf/index.html]
[goblinslayer.jp/wp-json/oembed/1.0/embedc22a.json]
[goblinslayer.jp/wp-json/oembed/1.0/embeda92e]
[goblinslayer.jp/wp-content/themes/goblinslayer/images/char-txt-dwarf.png]
[goblinslayer.jp/wp-content/themes/goblinslayer/images/char-dwarf.png]
[goblinslayer.jp/character/dwarf/index.html]
[goblinslayer.jp/wp-json/oembed/1.0/embed905f.json]
[goblinslayer.jp/wp-json/oembed/1.0/embed3644]
[goblinslayer.jp/wp-content/themes/goblinslayer/images/char-txt-lizard.png]
[goblinslayer.jp/wp-content/themes/goblinslayer/images/char-lizard.png]
[goblinslayer.jp/character/lizard/index.html]
[goblinslayer.jp/wp-json/oembed/1.0/embedb9a5.json]
[goblinslayer.jp/wp-json/oembed/1.0/embed0639]
[goblinslayer.jp/wp-content/themes/goblinslayer/images/char-txt-uketsuke.png]
[goblinslayer.jp/wp-content/themes/goblinslayer/images/char-uketsuke.png]
[goblinslayer.jp/character/guildgirl/index.html]
[goblinslayer.jp/wp-json/oembed/1.0/embedbb41.json]
[goblinslayer.jp/wp-json/oembed/1.0/embed5c51]
[goblinslayer.jp/wp-content/themes/goblinslayer/images/char-txt-ushi.png]
[goblinslayer.jp/wp-content/themes/goblinslayer/images/char-ushi.png]
[goblinslayer.jp/character/cowgirl/index.html]
[goblinslayer.jp/wp-json/oembed/1.0/embed35b0.json]
[goblinslayer.jp/wp-json/oembed/1.0/embed713a]
[goblinslayer.jp/wp-content/themes/goblinslayer/images/char-txt-sword.png]
[goblinslayer.jp/wp-content/themes/goblinslayer/images/char-sword.png]
[goblinslayer.jp/wp-content/themes/goblinslayer/images/sp/char-sword.png]
[goblinslayer.jp/character/sword/index.html]
[goblinslayer.jp/index88b9.html]
[goblinslayer.jp/indexbe3b.html]
[goblinslayer.jp/index86fa.html]
[goblinslayer.jp/wp-json/oembed/1.0/embed1a11.json]
[goblinslayer.jp/wp-json/oembed/1.0/embed4e54]
[goblinslayer.jp/wp-content/themes/goblinslayer/images/bluray-nav01_off.png]
[goblinslayer.jp/wp-content/themes/goblinslayer/images/bluray-nav02_on.png]
[goblinslayer.jp/wp-content/themes/goblinslayer/images/bluray-txt03.png]
[goblinslayer.jp/wp-content/themes/goblinslayer/images/goods/goblinvol02.jpg]
[goblinslayer.jp/wp-content/themes/goblinslayer/images/goods/goblinvol02_ex.png]
[goblinslayer.jp/goods02/index.html]
[goblinslayer.jp/wp-json/oembed/1.0/embedcd0c.json]
[goblinslayer.jp/wp-json/oembed/1.0/embedd2fd]
[goblinslayer.jp/wp-content/themes/goblinslayer/images/bluray-nav03_on.png]
[goblinslayer.jp/wp-content/themes/goblinslayer/images/bluray-txt04.png]
[goblinslayer.jp/wp-content/themes/goblinslayer/images/goods/goblinvol03.jpg]
[goblinslayer.jp/wp-content/themes/goblinslayer/images/goods/goblinvol03_ex.png]
[goblinslayer.jp/goods03/index.html]
[goblinslayer.jp/wp-json/oembed/1.0/embed8271.json]
[goblinslayer.jp/wp-json/oembed/1.0/embed1fa2]
[goblinslayer.jp/wp-content/themes/goblinslayer/images/bluray-nav04_on.png]
[goblinslayer.jp/wp-content/themes/goblinslayer/images/goods-buy-btn.png]
[goblinslayer.jp/wp-content/themes/goblinslayer/images/goodsttl_animate.png]
[goblinslayer.jp/wp-content/themes/goblinslayer/images/goods/goods-animate01.png]
[goblinslayer.jp/wp-content/themes/goblinslayer/images/goods/goods-animate02.png]
[goblinslayer.jp/wp-content/themes/goblinslayer/images/goods/goods-tag01.png]
[goblinslayer.jp/wp-content/themes/goblinslayer/images/goods/goods-tag02.png]
[goblinslayer.jp/wp-content/themes/goblinslayer/images/goodsttl_gamers.png]
[goblinslayer.jp/wp-content/themes/goblinslayer/images/goods/goods-gamers01.png]
[goblinslayer.jp/wp-content/themes/goblinslayer/images/goods/goods-gamers03.png]
[goblinslayer.jp/wp-content/themes/goblinslayer/images/goodsttl_sofmap.png]
[goblinslayer.jp/wp-content/themes/goblinslayer/images/goods/goods-sofmap01.png]
[goblinslayer.jp/wp-content/themes/goblinslayer/images/goodsttl_tora.png]
[goblinslayer.jp/wp-content/themes/goblinslayer/images/goods/goods-tora01.png]
[goblinslayer.jp/wp-content/themes/goblinslayer/images/goodsttl_toragen.png]
[goblinslayer.jp/wp-content/themes/goblinslayer/images/goods/toralim01.png]
[goblinslayer.jp/wp-content/themes/goblinslayer/images/goods/toralim02.png]
[goblinslayer.jp/wp-content/themes/goblinslayer/images/goods/toralim03.png]
[goblinslayer.jp/wp-content/themes/goblinslayer/images/goods/toralim04.png]
[goblinslayer.jp/wp-content/themes/goblinslayer/images/goodsttl_amazon.png]
[goblinslayer.jp/wp-content/themes/goblinslayer/images/goods/goods-amazon01.png]
[goblinslayer.jp/wp-content/themes/goblinslayer/images/goods/goods-amazon02_.png]
[goblinslayer.jp/wp-content/themes/goblinslayer/images/goods/goods-amazon03.png]
[goblinslayer.jp/wp-content/themes/goblinslayer/images/goodsttl_amiami.png]
[goblinslayer.jp/wp-content/themes/goblinslayer/images/goods/goods-ami01.png]
[goblinslayer.jp/wp-content/themes/goblinslayer/images/goodsttl_getchu.png]
[goblinslayer.jp/wp-content/themes/goblinslayer/images/goods/goods-getchu01.png]
[goblinslayer.jp/wp-content/themes/goblinslayer/images/goodsttl_joshin.png]
[goblinslayer.jp/wp-content/themes/goblinslayer/images/goods/goods-joshin01.png]
[goblinslayer.jp/wp-content/themes/goblinslayer/images/goodsttl_seven.png]
[goblinslayer.jp/wp-content/themes/goblinslayer/images/goods/goods-seven01.png]
[goblinslayer.jp/wp-content/themes/goblinslayer/images/goodsttl_melon.png]
[goblinslayer.jp/wp-content/themes/goblinslayer/images/goods/goods-melon01.png]
[goblinslayer.jp/goods04/index.html]
[goblinslayer.jp/wp-json/oembed/1.0/embed87ed.json]
[goblinslayer.jp/wp-json/oembed/1.0/embed7d8b]
[goblinslayer.jp/wp-content/themes/goblinslayer/images/subttl-special.png]
[goblinslayer.jp/wp-content/themes/goblinslayer/images/sp/subttl-special.png]
[goblinslayer.jp/wp-content/themes/goblinslayer/images/btn-special-dtl.png]
[goblinslayer.jp/special/index.html]
[goblinslayer.jp/index2fa7.html]
[goblinslayer.jp/indexba86.html]
[goblinslayer.jp/wp-json/oembed/1.0/embedaa30.json]
[goblinslayer.jp/wp-json/oembed/1.0/embed96c8]
[goblinslayer.jp/wp-content/themes/goblinslayer/images/sp/special-icon-ttl.png]
[goblinslayer.jp/wp-content/uploads/2018/11/twitter-icon01.jpg]
[goblinslayer.jp/wp-content/uploads/2018/11/twitter-icon02.jpg]
[goblinslayer.jp/wp-content/uploads/2018/11/twitter-icon03.jpg]
[goblinslayer.jp/wp-content/uploads/2018/11/twitter-icon04.jpg]
[goblinslayer.jp/wp-content/uploads/2018/11/twitter-icon05.jpg]
[goblinslayer.jp/wp-content/uploads/2018/11/twitter-icon06.jpg]
[goblinslayer.jp/wp-content/uploads/2018/11/twitter-icon07.jpg]
[goblinslayer.jp/wp-content/uploads/2018/11/twitter-icon08.jpg]
[goblinslayer.jp/special/icon/index.html]
[goblinslayer.jp/index568a.html]
[goblinslayer.jp/index03c9.html]
[goblinslayer.jp/indexbcc1.html]
[goblinslayer.jp/index092b.html]
[goblinslayer.jp/indexd379.html]
[goblinslayer.jp/index7414.html]
[goblinslayer.jp/index6a35.html]
[goblinslayer.jp/indexb87d.html]
[goblinslayer.jp/indexda6e.html]
[goblinslayer.jp/indexa862.html]
[goblinslayer.jp/index77b5.html]
[goblinslayer.jp/index2c5f.html]
[goblinslayer.jp/index4efb.html]
[goblinslayer.jp/indexb284.html]
[goblinslayer.jp/indexd519.html]
[goblinslayer.jp/index9d24.html]
[goblinslayer.jp/index1f38.html]
[goblinslayer.jp/index9222.html]
[goblinslayer.jp/index7dad.html]
[goblinslayer.jp/index55d4.html]
[goblinslayer.jp/index481e.html]
[goblinslayer.jp/indexf175.html]
[goblinslayer.jp/indexc9bf.html]
[goblinslayer.jp/indexcb8c.html]
[goblinslayer.jp/index820e.html]
[goblinslayer.jp/index45c8.html]
[goblinslayer.jp/index3786.html]
[goblinslayer.jp/indexc807.html]
[goblinslayer.jp/index3dc6.html]
[goblinslayer.jp/index9873.html]
[goblinslayer.jp/indexd5db.html]
[goblinslayer.jp/index8c34.html]
[goblinslayer.jp/indexba1b.html]
[goblinslayer.jp/indexd1c3.html]
[goblinslayer.jp/index7b17.html]
[goblinslayer.jp/indexada0.html]
[goblinslayer.jp/index5e74.html]
[goblinslayer.jp/index87e6.html]
[goblinslayer.jp/index5070.html]
[goblinslayer.jp/indexe856.html]
[goblinslayer.jp/indexd78c.html]
[goblinslayer.jp/index3961.html]
[goblinslayer.jp/indexbbbb.html]
[goblinslayer.jp/index460d.html]
[goblinslayer.jp/indexeffd.html]
[goblinslayer.jp/index8ed7.html]
[goblinslayer.jp/index6213.html]
[goblinslayer.jp/index55e4.html]
[goblinslayer.jp/index7896.html]
[goblinslayer.jp/indexe839.html]
[goblinslayer.jp/indexe2dc.html]
[goblinslayer.jp/index6aed.html]
[goblinslayer.jp/index5e74-2.html]
[goblinslayer.jp/wp-json/oembed/1.0/embeda5c7.json]
[goblinslayer.jp/news/12/feed/index.html]
[goblinslayer.jp/wp-json/oembed/1.0/embed45b7]
[goblinslayer.jp/news/12/index.html]
[goblinslayer.jp/index0b69.html]
[goblinslayer.jp/indexdf01.html]
[goblinslayer.jp/index0449.html]
[goblinslayer.jp/index9f0a.html]
[goblinslayer.jp/index0261.html]
[goblinslayer.jp/indexbc6e.html]
[goblinslayer.jp/indexeffc.html]
[goblinslayer.jp/index3e8e.html]
[goblinslayer.jp/indexc61d.html]
[goblinslayer.jp/index0133.html]
[goblinslayer.jp/indexc140.html]
[goblinslayer.jp/indexa09e.html]
[goblinslayer.jp/index8bc8.html]
[goblinslayer.jp/index4170.html]
[goblinslayer.jp/index3c55.html]
[goblinslayer.jp/index5643.html]
[goblinslayer.jp/index6c46.html]
[goblinslayer.jp/index1e7e.html]
[goblinslayer.jp/index0d0b.html]
[goblinslayer.jp/indexb93f.html]
[goblinslayer.jp/index3ba0.html]
[goblinslayer.jp/indexd89d.html]
[goblinslayer.jp/index60d6.html]
[goblinslayer.jp/indexb4d2.html]
[goblinslayer.jp/index269b.html]
[goblinslayer.jp/index4e6a.html]
[goblinslayer.jp/indexef92.html]
[goblinslayer.jp/wp-json/oembed/1.0/embed7b4f.json]
[goblinslayer.jp/news/10/feed/index.html]
[goblinslayer.jp/wp-json/oembed/1.0/embed07d8]
[goblinslayer.jp/news/10/index.html]
[goblinslayer.jp/index678b.html]
[goblinslayer.jp/wp-json/oembed/1.0/embed55a5.json]
[goblinslayer.jp/news/8/feed/index.html]
[goblinslayer.jp/wp-json/oembed/1.0/embedcf8c]
[goblinslayer.jp/news/8/index.html]
[goblinslayer.jp/index64b4.html]
[goblinslayer.jp/index2df4.html]
